Component: ARM Compiler 5.06 update 7 (build 960) Tool: armlink [4d3601]

==============================================================================

Section Cross References

    main.o(.text) refers to engines.o(.text) for MOTEUR_INIT
    main.o(.text) refers to leds.o(.text) for LEDS_INIT
    main.o(.text) refers to timer.o(.text) for WAIT_R8
    startup_armcm3.o(RESET) refers to startup_armcm3.o(STACK) for __initial_sp
    startup_armcm3.o(RESET) refers to startup_armcm3.o(.text) for Reset_Handler
    startup_armcm3.o(.text) refers to system_armcm3.o(i.SystemInit) for SystemInit
    startup_armcm3.o(.text) refers to main.o(.text) for __main
    system_armcm3.o(i.SystemCoreClockUpdate) refers to system_armcm3.o(.data) for SystemCoreClock
    system_armcm3.o(i.SystemInit) refers to startup_armcm3.o(RESET) for __Vectors
    system_armcm3.o(i.SystemInit) refers to system_armcm3.o(.data) for SystemCoreClock


==============================================================================

Removing Unused input sections from the image.

    Removing startup_armcm3.o(HEAP), (3072 bytes).
    Removing system_armcm3.o(.rev16_text), (4 bytes).
    Removing system_armcm3.o(.revsh_text), (4 bytes).
    Removing system_armcm3.o(.rrx_text), (6 bytes).
    Removing system_armcm3.o(i.SystemCoreClockUpdate), (16 bytes).

5 unused section(s) (total 3102 bytes) removed from the image.

==============================================================================

Image Symbol Table

    Local Symbols

    Symbol Name                              Value     Ov Type        Size  Object(Section)

    RESET                                    0x00000000   Section      960  startup_armcm3.o(RESET)
    Engines.s                                0x00000000   Number         0  engines.o ABSOLUTE
    Leds.s                                   0x00000000   Number         0  leds.o ABSOLUTE
    Main.s                                   0x00000000   Number         0  main.o ABSOLUTE
    RTE\Device\ARMCM3\startup_ARMCM3.s       0x00000000   Number         0  startup_armcm3.o ABSOLUTE
    RTE\Device\ARMCM3\system_ARMCM3.c        0x00000000   Number         0  system_armcm3.o ABSOLUTE
    RTE\\Device\\ARMCM3\\system_ARMCM3.c     0x00000000   Number         0  system_armcm3.o ABSOLUTE
    Timer.s                                  0x00000000   Number         0  timer.o ABSOLUTE
    .text                                    0x000003c0   Section      480  engines.o(.text)
    .text                                    0x000005a0   Section       84  leds.o(.text)
    .text                                    0x000005f4   Section      248  main.o(.text)
    .text                                    0x000006ec   Section        8  timer.o(.text)
    .text                                    0x000006f4   Section       56  startup_armcm3.o(.text)
    i.SystemInit                             0x0000072c   Section        0  system_armcm3.o(i.SystemInit)
    .data                                    0x20000000   Section        4  system_armcm3.o(.data)
    STACK                                    0x20000008   Section     1024  startup_armcm3.o(STACK)

    Global Symbols

    Symbol Name                              Value     Ov Type        Size  Object(Section)

    BuildAttributes$$THM_ISAv4$P$D$K$B$S$PE$A:L22UL41UL21$X:L11$S22US41US21$IEEE1$IW$USESV6$~STKCKD$USESV7$~SHL$OSPACE$EBA8$MICROLIB$REQ8$PRES8$EABIv2 0x00000000   Number         0  anon$$obj.o ABSOLUTE
    __Vectors                                0x00000000   Data           4  startup_armcm3.o(RESET)
    MOTEUR_SET_SPEED_R0                      0x000003c1   Thumb Code     0  engines.o(.text)
    __Vectors_End                            0x000003c0   Data           0  startup_armcm3.o(RESET)
    __Vectors_Size                           0x000003c0   Number         0  startup_armcm3.o ABSOLUTE
    MOTEUR_INIT                              0x000003cb   Thumb Code     0  engines.o(.text)
    MOTEUR_DROIT_ON                          0x000004bf   Thumb Code     0  engines.o(.text)
    MOTEUR_DROIT_OFF                         0x000004cb   Thumb Code     0  engines.o(.text)
    MOTEUR_GAUCHE_ON                         0x000004d7   Thumb Code     0  engines.o(.text)
    MOTEUR_GAUCHE_OFF                        0x000004e3   Thumb Code     0  engines.o(.text)
    MOTEUR_DROIT_ARRIERE                     0x000004ef   Thumb Code     0  engines.o(.text)
    MOTEUR_DROIT_AVANT                       0x000004f9   Thumb Code     0  engines.o(.text)
    MOTEUR_GAUCHE_ARRIERE                    0x00000503   Thumb Code     0  engines.o(.text)
    MOTEUR_GAUCHE_AVANT                      0x0000050d   Thumb Code     0  engines.o(.text)
    MOTEUR_DROIT_INVERSE                     0x00000517   Thumb Code     0  engines.o(.text)
    MOTEUR_GAUCHE_INVERSE                    0x00000523   Thumb Code     0  engines.o(.text)
    LEDS_INIT                                0x000005a1   Thumb Code     0  leds.o(.text)
    LEDS_FORWARD_ON                          0x000005bd   Thumb Code     0  leds.o(.text)
    LEDS_BACKWARD_ON                         0x000005c5   Thumb Code     0  leds.o(.text)
    LEDS_BACKWARD_INVERT                     0x000005cd   Thumb Code     0  leds.o(.text)
    LEDS_ON                                  0x000005d5   Thumb Code     0  leds.o(.text)
    LEDS_OFF                                 0x000005dd   Thumb Code     0  leds.o(.text)
    __main                                   0x000005f5   Thumb Code     0  main.o(.text)
    WAIT_R8                                  0x000006ed   Thumb Code     0  timer.o(.text)
    Reset_Handler                            0x000006f5   Thumb Code     8  startup_armcm3.o(.text)
    HardFault_Handler                        0x000006fd   Thumb Code     2  startup_armcm3.o(.text)
    NMI_Handler                              0x000006ff   Thumb Code     2  startup_armcm3.o(.text)
    MemManage_Handler                        0x00000701   Thumb Code     2  startup_armcm3.o(.text)
    BusFault_Handler                         0x00000703   Thumb Code     2  startup_armcm3.o(.text)
    UsageFault_Handler                       0x00000705   Thumb Code     2  startup_armcm3.o(.text)
    SVC_Handler                              0x00000707   Thumb Code     2  startup_armcm3.o(.text)
    DebugMon_Handler                         0x00000709   Thumb Code     2  startup_armcm3.o(.text)
    PendSV_Handler                           0x0000070b   Thumb Code     2  startup_armcm3.o(.text)
    SysTick_Handler                          0x0000070d   Thumb Code     2  startup_armcm3.o(.text)
    Interrupt0_Handler                       0x0000070f   Thumb Code     2  startup_armcm3.o(.text)
    Interrupt1_Handler                       0x00000711   Thumb Code     2  startup_armcm3.o(.text)
    Interrupt2_Handler                       0x00000713   Thumb Code     2  startup_armcm3.o(.text)
    Interrupt3_Handler                       0x00000715   Thumb Code     2  startup_armcm3.o(.text)
    Interrupt4_Handler                       0x00000717   Thumb Code     2  startup_armcm3.o(.text)
    Interrupt5_Handler                       0x00000719   Thumb Code     2  startup_armcm3.o(.text)
    Interrupt6_Handler                       0x0000071b   Thumb Code     2  startup_armcm3.o(.text)
    Interrupt7_Handler                       0x0000071d   Thumb Code     2  startup_armcm3.o(.text)
    Interrupt8_Handler                       0x0000071f   Thumb Code     2  startup_armcm3.o(.text)
    Interrupt9_Handler                       0x00000721   Thumb Code     2  startup_armcm3.o(.text)
    SystemInit                               0x0000072d   Thumb Code    14  system_armcm3.o(i.SystemInit)
    SystemCoreClock                          0x20000000   Data           4  system_armcm3.o(.data)
    __stack_limit                            0x20000008   Data           0  startup_armcm3.o(STACK)
    __initial_sp                             0x20000408   Data           0  startup_armcm3.o(STACK)



==============================================================================

Memory Map of the image

  Image Entry point : 0x000006f5

  Load Region LR_1 (Base: 0x00000000, Size: 0x00000750, Max: 0xffffffff, ABSOLUTE)

    Execution Region ER_RO (Exec base: 0x00000000, Load base: 0x00000000, Size: 0x0000074c, Max: 0xffffffff, ABSOLUTE)

    Exec Addr    Load Addr    Size         Type   Attr      Idx    E Section Name        Object

    0x00000000   0x00000000   0x000003c0   Data   RO           17    RESET               startup_armcm3.o
    0x000003c0   0x000003c0   0x000001e0   Code   RO            1  * .text               engines.o
    0x000005a0   0x000005a0   0x00000054   Code   RO            6  * .text               leds.o
    0x000005f4   0x000005f4   0x000000f8   Code   RO            9  * .text               main.o
    0x000006ec   0x000006ec   0x00000008   Code   RO           12  * .text               timer.o
    0x000006f4   0x000006f4   0x00000038   Code   RO           18  * .text               startup_armcm3.o
    0x0000072c   0x0000072c   0x00000020   Code   RO           26    i.SystemInit        system_armcm3.o


    Execution Region ER_RW (Exec base: 0x20000000, Load base: 0x0000074c, Size: 0x00000004, Max: 0xffffffff, ABSOLUTE)

    Exec Addr    Load Addr    Size         Type   Attr      Idx    E Section Name        Object

    0x20000000   0x0000074c   0x00000004   Data   RW           27    .data               system_armcm3.o


    Execution Region ER_ZI (Exec base: 0x20000004, Load base: 0x00000750, Size: 0x00000404, Max: 0xffffffff, ABSOLUTE)

    Exec Addr    Load Addr    Size         Type   Attr      Idx    E Section Name        Object

    0x20000004   0x00000750   0x00000004   PAD
    0x20000008        -       0x00000400   Zero   RW           15    STACK               startup_armcm3.o


==============================================================================

Image component sizes


      Code (inc. data)   RO Data    RW Data    ZI Data      Debug   Object Name

       480        114          0          0          0        428   engines.o
        84         16          0          0          0        256   leds.o
       248         24          0          0          0        304   main.o
        56         10        960          0       1024       1196   startup_armcm3.o
        32         18          0          4          0       5291   system_armcm3.o
         8          0          0          0          0        236   timer.o

    ----------------------------------------------------------------------
       908        182        960          4       1028       7711   Object Totals
         0          0          0          0          0          0   (incl. Generated)
         0          0          0          0          4          0   (incl. Padding)

    ----------------------------------------------------------------------
         0          0          0          0          0          0   Library Totals
         0          0          0          0          0          0   (incl. Padding)

    ----------------------------------------------------------------------

==============================================================================


      Code (inc. data)   RO Data    RW Data    ZI Data      Debug   

       908        182        960          4       1028       7711   Grand Totals
       908        182        960          4       1028       7711   ELF Image Totals
       908        182        960          4          0          0   ROM Totals

==============================================================================

    Total RO  Size (Code + RO Data)                 1868 (   1.82kB)
    Total RW  Size (RW Data + ZI Data)              1032 (   1.01kB)
    Total ROM Size (Code + RO Data + RW Data)       1872 (   1.83kB)

==============================================================================

